<!doctype html>
<html lang="en">
<head>
    <title>Code coverage report for pane/esnext/__snapshots__/pane.test.js.snap</title>
    <meta charset="utf-8" />
    <link rel="stylesheet" href="../../../prettify.css" />
    <link rel="stylesheet" href="../../../base.css" />
    <meta name="viewport" content="width=device-width, initial-scale=1">
    <style type='text/css'>
        .coverage-summary .sorter {
            background-image: url(../../../sort-arrow-sprite.png);
        }
    </style>
</head>
<body>
<div class='wrapper'>
  <div class='pad1'>
    <h1>
      <a href="../../../index.html">All files</a> / <a href="index.html">pane/esnext/__snapshots__</a> pane.test.js.snap
    </h1>
    <div class='clearfix'>
    </div>
  </div>
  <div class='status-line low'></div>
<pre><table class="coverage">
<tr><td class="line-count quiet">1
2
3
4
5
6
7
8
9
10
11
12
13
14
15
16
17
18
19
20
21
22
23
24
25
26
27
28
29
30
31
32
33
34
35
36
37
38
39
40
41
42
43
44
45
46
47
48
49
50
51</td><td class="line-coverage quiet"><span class="cline-any cline-neutral">&nbsp;</span>
<span class="cline-any cline-neutral">&nbsp;</span>
<span class="cline-any cline-no">&nbsp;</span>
<span class="cline-any cline-neutral">&nbsp;</span>
<span class="cline-any cline-neutral">&nbsp;</span>
<span class="cline-any cline-neutral">&nbsp;</span>
<span class="cline-any cline-neutral">&nbsp;</span>
<span class="cline-any cline-neutral">&nbsp;</span>
<span class="cline-any cline-neutral">&nbsp;</span>
<span class="cline-any cline-neutral">&nbsp;</span>
<span class="cline-any cline-neutral">&nbsp;</span>
<span class="cline-any cline-neutral">&nbsp;</span>
<span class="cline-any cline-neutral">&nbsp;</span>
<span class="cline-any cline-neutral">&nbsp;</span>
<span class="cline-any cline-neutral">&nbsp;</span>
<span class="cline-any cline-neutral">&nbsp;</span>
<span class="cline-any cline-neutral">&nbsp;</span>
<span class="cline-any cline-neutral">&nbsp;</span>
<span class="cline-any cline-neutral">&nbsp;</span>
<span class="cline-any cline-neutral">&nbsp;</span>
<span class="cline-any cline-neutral">&nbsp;</span>
<span class="cline-any cline-neutral">&nbsp;</span>
<span class="cline-any cline-neutral">&nbsp;</span>
<span class="cline-any cline-neutral">&nbsp;</span>
<span class="cline-any cline-neutral">&nbsp;</span>
<span class="cline-any cline-neutral">&nbsp;</span>
<span class="cline-any cline-neutral">&nbsp;</span>
<span class="cline-any cline-neutral">&nbsp;</span>
<span class="cline-any cline-neutral">&nbsp;</span>
<span class="cline-any cline-neutral">&nbsp;</span>
<span class="cline-any cline-neutral">&nbsp;</span>
<span class="cline-any cline-neutral">&nbsp;</span>
<span class="cline-any cline-neutral">&nbsp;</span>
<span class="cline-any cline-neutral">&nbsp;</span>
<span class="cline-any cline-neutral">&nbsp;</span>
<span class="cline-any cline-neutral">&nbsp;</span>
<span class="cline-any cline-neutral">&nbsp;</span>
<span class="cline-any cline-neutral">&nbsp;</span>
<span class="cline-any cline-neutral">&nbsp;</span>
<span class="cline-any cline-neutral">&nbsp;</span>
<span class="cline-any cline-neutral">&nbsp;</span>
<span class="cline-any cline-neutral">&nbsp;</span>
<span class="cline-any cline-neutral">&nbsp;</span>
<span class="cline-any cline-neutral">&nbsp;</span>
<span class="cline-any cline-neutral">&nbsp;</span>
<span class="cline-any cline-neutral">&nbsp;</span>
<span class="cline-any cline-neutral">&nbsp;</span>
<span class="cline-any cline-neutral">&nbsp;</span>
<span class="cline-any cline-neutral">&nbsp;</span>
<span class="cline-any cline-neutral">&nbsp;</span>
<span class="cline-any cline-neutral">&nbsp;</span></td><td class="text"><pre class="prettyprint lang-js">// Jest Snapshot v1, https://goo.gl/fbAQLP
&nbsp;
<span class="cstat-no" title="statement not covered" >exports[`&lt;Pane /&gt; with default props should match default snapshot 1`] = `</span>
&lt;section
  className="ac-pane ac-pane--wrapper"
&gt;
  &lt;div
    className="ac-pane__header"
    onClick={[Function]}
  &gt;
    &lt;div
      className="ac-pane__header-wrapper"
    &gt;
      &lt;Icon
        icon="local_shipping"
        isCustom={false}
        onClick={null}
      /&gt;
      &lt;h3
        className="ac-pane__title h3"
      &gt;
        &lt;span
          className="ac-pane__title1 title-item"
        &gt;
          Title 1
        &lt;/span&gt;
        &lt;span
          className="ac-pane__title2 title-item"
        &gt;
          Title 2
        &lt;/span&gt;
        &lt;span
          className="ac-pane__title3 title-item"
        &gt;
          Title 3
        &lt;/span&gt;
        &lt;span
          className="ac-pane__title4 title-item"
        &gt;
          Title 4
        &lt;/span&gt;
      &lt;/h3&gt;
    &lt;/div&gt;
  &lt;/div&gt;
  &lt;div
    className="ac-pane__body ac-pane__body--false ac-pane__body--false"
    onClick={null}
  /&gt;
&lt;/section&gt;
`;
&nbsp;</pre></td></tr>
</table></pre>
<div class='push'></div><!-- for sticky footer -->
</div><!-- /wrapper -->
<div class='footer quiet pad2 space-top1 center small'>
  Code coverage
  generated by <a href="https://istanbul.js.org/" target="_blank">istanbul</a> at Wed Apr 14 2021 18:10:43 GMT+0100 (British Summer Time)
</div>
</div>
<script src="../../../prettify.js"></script>
<script>
window.onload = function () {
        if (typeof prettyPrint === 'function') {
            prettyPrint();
        }
};
</script>
<script src="../../../sorter.js"></script>
</body>
</html>
