// Jest Snapshot v1, https://goo.gl/fbAQLP

exports[`StepperContent base test should match default snapshot 1`] = `
Array [
  <StepperStage
    activeStepIndex={1}
    key="step-0/.0"
    onClickPreviousStep={[Function]}
    onWaypointEnter={[Function]}
    parentScrollContainer=""
    scrollTo={[Function]}
    shouldNavBarUpdateOnScroll={true}
    shouldShowStageTitle={false}
    stageType="previous"
    stepIndex={0}
    subTitle=""
  />,
  <StepperStage
    activeStepIndex={1}
    key="step-1/.1"
    onClickPreviousStep={[Function]}
    onWaypointEnter={[Function]}
    parentScrollContainer=""
    scrollTo={[Function]}
    shouldNavBarUpdateOnScroll={true}
    shouldShowStageTitle={false}
    stageType="current"
    stepIndex={1}
    subTitle=""
  />,
]
`;
